Archive member included because of file (symbol)

C:\Users\11988401\Desktop\Lab-4-Workspace\Lab-4-initial\Library\libLab3.a(FTM.o)
                              ./Sources/main.o (FTM_Init)
C:\Users\11988401\Desktop\Lab-4-Workspace\Lab-4-initial\Library\libLab3.a(Flash.o)
                              ./Sources/main.o (Flash_Init)
C:\Users\11988401\Desktop\Lab-4-Workspace\Lab-4-initial\Library\libLab3.a(LEDs.o)
                              ./Sources/main.o (LEDs_Init)
C:\Users\11988401\Desktop\Lab-4-Workspace\Lab-4-initial\Library\libLab3.a(PIT.o)
                              ./Sources/main.o (PIT_Init)
C:\Users\11988401\Desktop\Lab-4-Workspace\Lab-4-initial\Library\libLab3.a(RTC.o)
                              ./Sources/main.o (RTC_Init)
C:\Users\11988401\Desktop\Lab-4-Workspace\Lab-4-initial\Library\libLab3.a(UART.o)
                              ./Generated_Code/Vectors.o (UART_ISR)
C:\Users\11988401\Desktop\Lab-4-Workspace\Lab-4-initial\Library\libLab3.a(packet.o)
                              ./Sources/main.o (Packet)
C:\Users\11988401\Desktop\Lab-4-Workspace\Lab-4-initial\Library\libLab3.a(FIFO.o)
                              C:\Users\11988401\Desktop\Lab-4-Workspace\Lab-4-initial\Library\libLab3.a(UART.o) (FIFO_Init)
c:/freescale/kds_3.0.0/toolchain/bin/../lib/gcc/arm-none-eabi/4.8.4/../../../../arm-none-eabi/lib/armv7e-m/fpu\libg_s.a(lib_a-exit.o)
                              c:/freescale/kds_3.0.0/toolchain/bin/../lib/gcc/arm-none-eabi/4.8.4/../../../../arm-none-eabi/lib/armv7e-m/fpu/crt0.o (exit)
c:/freescale/kds_3.0.0/toolchain/bin/../lib/gcc/arm-none-eabi/4.8.4/../../../../arm-none-eabi/lib/armv7e-m/fpu\libg_s.a(lib_a-impure.o)
                              c:/freescale/kds_3.0.0/toolchain/bin/../lib/gcc/arm-none-eabi/4.8.4/../../../../arm-none-eabi/lib/armv7e-m/fpu\libg_s.a(lib_a-exit.o) (_global_impure_ptr)
c:/freescale/kds_3.0.0/toolchain/bin/../lib/gcc/arm-none-eabi/4.8.4/../../../../arm-none-eabi/lib/armv7e-m/fpu\libg_s.a(lib_a-init.o)
                              c:/freescale/kds_3.0.0/toolchain/bin/../lib/gcc/arm-none-eabi/4.8.4/../../../../arm-none-eabi/lib/armv7e-m/fpu/crt0.o (__libc_init_array)
c:/freescale/kds_3.0.0/toolchain/bin/../lib/gcc/arm-none-eabi/4.8.4/../../../../arm-none-eabi/lib/armv7e-m/fpu\libg_s.a(lib_a-memset.o)
                              c:/freescale/kds_3.0.0/toolchain/bin/../lib/gcc/arm-none-eabi/4.8.4/../../../../arm-none-eabi/lib/armv7e-m/fpu/crt0.o (memset)
c:/freescale/kds_3.0.0/toolchain/bin/../lib/gcc/arm-none-eabi/4.8.4/../../../../arm-none-eabi/lib/armv7e-m/fpu\libnosys.a(_exit.o)
                              c:/freescale/kds_3.0.0/toolchain/bin/../lib/gcc/arm-none-eabi/4.8.4/../../../../arm-none-eabi/lib/armv7e-m/fpu\libg_s.a(lib_a-exit.o) (_exit)

Allocating common symbols
Common symbol       size              file

Packet              0x5               C:\Users\11988401\Desktop\Lab-4-Workspace\Lab-4-initial\Library\libLab3.a(packet.o)
SR_reg              0x1               ./Generated_Code/Cpu.o

Discarded input sections

 .text          0x00000000        0x0 c:/freescale/kds_3.0.0/toolchain/bin/../lib/gcc/arm-none-eabi/4.8.4/armv7e-m/fpu/crti.o
 .data          0x00000000        0x0 c:/freescale/kds_3.0.0/toolchain/bin/../lib/gcc/arm-none-eabi/4.8.4/armv7e-m/fpu/crti.o
 .bss           0x00000000        0x0 c:/freescale/kds_3.0.0/toolchain/bin/../lib/gcc/arm-none-eabi/4.8.4/armv7e-m/fpu/crti.o
 .data          0x00000000        0x4 c:/freescale/kds_3.0.0/toolchain/bin/../lib/gcc/arm-none-eabi/4.8.4/armv7e-m/fpu/crtbegin.o
 .data          0x00000000        0x0 c:/freescale/kds_3.0.0/toolchain/bin/../lib/gcc/arm-none-eabi/4.8.4/../../../../arm-none-eabi/lib/armv7e-m/fpu/crt0.o
 .bss           0x00000000        0x0 c:/freescale/kds_3.0.0/toolchain/bin/../lib/gcc/arm-none-eabi/4.8.4/../../../../arm-none-eabi/lib/armv7e-m/fpu/crt0.o
 .ARM.extab     0x00000000        0x0 c:/freescale/kds_3.0.0/toolchain/bin/../lib/gcc/arm-none-eabi/4.8.4/../../../../arm-none-eabi/lib/armv7e-m/fpu/crt0.o
 .group         0x00000000        0x8 ./Sources/accel.o
 .group         0x00000000        0x8 ./Sources/accel.o
 .group         0x00000000        0x8 ./Sources/accel.o
 .group         0x00000000        0x8 ./Sources/accel.o
 .group         0x00000000        0x8 ./Sources/accel.o
 .group         0x00000000        0x8 ./Sources/accel.o
 .group         0x00000000        0x8 ./Sources/accel.o
 .group         0x00000000        0x8 ./Sources/accel.o
 .group         0x00000000        0x8 ./Sources/accel.o
 .group         0x00000000        0x8 ./Sources/accel.o
 .text          0x00000000        0x0 ./Sources/accel.o
 .data          0x00000000        0x0 ./Sources/accel.o
 .bss           0x00000000        0x0 ./Sources/accel.o
 .bss.INT_SOURCE_Union
                0x00000000        0x4 ./Sources/accel.o
 .bss.CTRL_REG1_Union
                0x00000000        0x4 ./Sources/accel.o
 .bss.CTRL_REG3_Union
                0x00000000        0x4 ./Sources/accel.o
 .bss.CTRL_REG4_Union
                0x00000000        0x4 ./Sources/accel.o
 .bss.CTRL_REG5_Union
                0x00000000        0x4 ./Sources/accel.o
 .debug_info    0x00000000      0x3a5 ./Sources/accel.o
 .debug_abbrev  0x00000000       0x96 ./Sources/accel.o
 .debug_aranges
                0x00000000       0x18 ./Sources/accel.o
 .debug_macro   0x00000000      0x1db ./Sources/accel.o
 .debug_macro   0x00000000      0x850 ./Sources/accel.o
 .debug_macro   0x00000000       0x16 ./Sources/accel.o
 .debug_macro   0x00000000       0x44 ./Sources/accel.o
 .debug_macro   0x00000000      0x209 ./Sources/accel.o
 .debug_macro   0x00000000       0x22 ./Sources/accel.o
 .debug_macro   0x00000000    0x174c1 ./Sources/accel.o
 .debug_macro   0x00000000     0x181c ./Sources/accel.o
 .debug_macro   0x00000000      0x14e ./Sources/accel.o
 .debug_macro   0x00000000       0x64 ./Sources/accel.o
 .debug_macro   0x00000000       0x9a ./Sources/accel.o
 .debug_line    0x00000000      0x2c7 ./Sources/accel.o
 .debug_str     0x00000000    0x8b0b6 ./Sources/accel.o
 .comment       0x00000000       0x71 ./Sources/accel.o
 .ARM.attributes
                0x00000000       0x39 ./Sources/accel.o
 .group         0x00000000        0x8 ./Sources/main.o
 .group         0x00000000        0x8 ./Sources/main.o
 .group         0x00000000        0x8 ./Sources/main.o
 .group         0x00000000        0x8 ./Sources/main.o
 .group         0x00000000        0x8 ./Sources/main.o
 .group         0x00000000        0x8 ./Sources/main.o
 .group         0x00000000        0x8 ./Sources/main.o
 .group         0x00000000        0x8 ./Sources/main.o
 .group         0x00000000        0x8 ./Sources/main.o
 .group         0x00000000        0x8 ./Sources/main.o
 .group         0x00000000        0x8 ./Sources/main.o
 .group         0x00000000        0x8 ./Sources/main.o
 .text          0x00000000        0x0 ./Sources/main.o
 .data          0x00000000        0x0 ./Sources/main.o
 .bss           0x00000000        0x0 ./Sources/main.o
 .debug_macro   0x00000000      0x850 ./Sources/main.o
 .debug_macro   0x00000000       0x16 ./Sources/main.o
 .debug_macro   0x00000000       0x44 ./Sources/main.o
 .debug_macro   0x00000000      0x209 ./Sources/main.o
 .debug_macro   0x00000000      0x14e ./Sources/main.o
 .debug_macro   0x00000000       0x64 ./Sources/main.o
 .debug_macro   0x00000000    0x174c1 ./Sources/main.o
 .debug_macro   0x00000000       0x22 ./Sources/main.o
 .group         0x00000000        0x8 ./Project_Settings/Startup_Code/startup.o
 .group         0x00000000        0x8 ./Project_Settings/Startup_Code/startup.o
 .group         0x00000000        0x8 ./Project_Settings/Startup_Code/startup.o
 .group         0x00000000        0x8 ./Project_Settings/Startup_Code/startup.o
 .group         0x00000000        0x8 ./Project_Settings/Startup_Code/startup.o
 .group         0x00000000        0x8 ./Project_Settings/Startup_Code/startup.o
 .group         0x00000000        0x8 ./Project_Settings/Startup_Code/startup.o
 .group         0x00000000        0x8 ./Project_Settings/Startup_Code/startup.o
 .group         0x00000000        0x8 ./Project_Settings/Startup_Code/startup.o
 .group         0x00000000        0x8 ./Project_Settings/Startup_Code/startup.o
 .group         0x00000000        0x8 ./Project_Settings/Startup_Code/startup.o
 .group         0x00000000        0x8 ./Project_Settings/Startup_Code/startup.o
 .group         0x00000000        0x8 ./Project_Settings/Startup_Code/startup.o
 .group         0x00000000        0x8 ./Project_Settings/Startup_Code/startup.o
 .group         0x00000000        0x8 ./Project_Settings/Startup_Code/startup.o
 .group         0x00000000        0x8 ./Project_Settings/Startup_Code/startup.o
 .group         0x00000000        0x8 ./Project_Settings/Startup_Code/startup.o
 .group         0x00000000        0x8 ./Project_Settings/Startup_Code/startup.o
 .group         0x00000000        0x8 ./Project_Settings/Startup_Code/startup.o
 .text          0x00000000        0x0 ./Project_Settings/Startup_Code/startup.o
 .data          0x00000000        0x0 ./Project_Settings/Startup_Code/startup.o
 .bss           0x00000000        0x0 ./Project_Settings/Startup_Code/startup.o
 .text.__init_hardware
                0x00000000        0xc ./Project_Settings/Startup_Code/startup.o
 .text.__iar_program_start
                0x00000000        0xc ./Project_Settings/Startup_Code/startup.o
 .debug_macro   0x00000000      0x850 ./Project_Settings/Startup_Code/startup.o
 .debug_macro   0x00000000       0x16 ./Project_Settings/Startup_Code/startup.o
 .group         0x00000000        0x8 ./Generated_Code/Cpu.o
 .group         0x00000000        0x8 ./Generated_Code/Cpu.o
 .group         0x00000000        0x8 ./Generated_Code/Cpu.o
 .group         0x00000000        0x8 ./Generated_Code/Cpu.o
 .group         0x00000000        0x8 ./Generated_Code/Cpu.o
 .group         0x00000000        0x8 ./Generated_Code/Cpu.o
 .group         0x00000000        0x8 ./Generated_Code/Cpu.o
 .group         0x00000000        0x8 ./Generated_Code/Cpu.o
 .group         0x00000000        0x8 ./Generated_Code/Cpu.o
 .text          0x00000000        0x0 ./Generated_Code/Cpu.o
 .data          0x00000000        0x0 ./Generated_Code/Cpu.o
 .bss           0x00000000        0x0 ./Generated_Code/Cpu.o
 .debug_macro   0x00000000      0x850 ./Generated_Code/Cpu.o
 .debug_macro   0x00000000       0x16 ./Generated_Code/Cpu.o
 .debug_macro   0x00000000       0x44 ./Generated_Code/Cpu.o
 .debug_macro   0x00000000      0x209 ./Generated_Code/Cpu.o
 .debug_macro   0x00000000     0x1816 ./Generated_Code/Cpu.o
 .debug_macro   0x00000000      0x14e ./Generated_Code/Cpu.o
 .debug_macro   0x00000000       0x64 ./Generated_Code/Cpu.o
 .debug_macro   0x00000000    0x174c1 ./Generated_Code/Cpu.o
 .group         0x00000000        0x8 ./Generated_Code/Vectors.o
 .group         0x00000000        0x8 ./Generated_Code/Vectors.o
 .group         0x00000000        0x8 ./Generated_Code/Vectors.o
 .group         0x00000000        0x8 ./Generated_Code/Vectors.o
 .group         0x00000000        0x8 ./Generated_Code/Vectors.o
 .group         0x00000000        0x8 ./Generated_Code/Vectors.o
 .group         0x00000000        0x8 ./Generated_Code/Vectors.o
 .group         0x00000000        0x8 ./Generated_Code/Vectors.o
 .group         0x00000000        0x8 ./Generated_Code/Vectors.o
 .group         0x00000000        0x8 ./Generated_Code/Vectors.o
 .text          0x00000000        0x0 ./Generated_Code/Vectors.o
 .data          0x00000000        0x0 ./Generated_Code/Vectors.o
 .bss           0x00000000        0x0 ./Generated_Code/Vectors.o
 .debug_macro   0x00000000      0x850 ./Generated_Code/Vectors.o
 .debug_macro   0x00000000       0x16 ./Generated_Code/Vectors.o
 .debug_macro   0x00000000       0x44 ./Generated_Code/Vectors.o
 .debug_macro   0x00000000      0x209 ./Generated_Code/Vectors.o
 .debug_macro   0x00000000     0x1816 ./Generated_Code/Vectors.o
 .debug_macro   0x00000000      0x14e ./Generated_Code/Vectors.o
 .debug_macro   0x00000000       0x64 ./Generated_Code/Vectors.o
 .debug_macro   0x00000000    0x174c1 ./Generated_Code/Vectors.o
 .debug_macro   0x00000000       0x9a ./Generated_Code/Vectors.o
 .debug_macro   0x00000000       0x22 ./Generated_Code/Vectors.o
 .group         0x00000000        0x8 C:\Users\11988401\Desktop\Lab-4-Workspace\Lab-4-initial\Library\libLab3.a(FTM.o)
 .group         0x00000000        0x8 C:\Users\11988401\Desktop\Lab-4-Workspace\Lab-4-initial\Library\libLab3.a(FTM.o)
 .group         0x00000000        0x8 C:\Users\11988401\Desktop\Lab-4-Workspace\Lab-4-initial\Library\libLab3.a(FTM.o)
 .group         0x00000000        0x8 C:\Users\11988401\Desktop\Lab-4-Workspace\Lab-4-initial\Library\libLab3.a(FTM.o)
 .group         0x00000000        0x8 C:\Users\11988401\Desktop\Lab-4-Workspace\Lab-4-initial\Library\libLab3.a(FTM.o)
 .group         0x00000000        0x8 C:\Users\11988401\Desktop\Lab-4-Workspace\Lab-4-initial\Library\libLab3.a(FTM.o)
 .group         0x00000000        0x8 C:\Users\11988401\Desktop\Lab-4-Workspace\Lab-4-initial\Library\libLab3.a(FTM.o)
 .text          0x00000000        0x0 C:\Users\11988401\Desktop\Lab-4-Workspace\Lab-4-initial\Library\libLab3.a(FTM.o)
 .data          0x00000000        0x0 C:\Users\11988401\Desktop\Lab-4-Workspace\Lab-4-initial\Library\libLab3.a(FTM.o)
 .bss           0x00000000        0x0 C:\Users\11988401\Desktop\Lab-4-Workspace\Lab-4-initial\Library\libLab3.a(FTM.o)
 .text.FTM_StartTimer
                0x00000000       0x8c C:\Users\11988401\Desktop\Lab-4-Workspace\Lab-4-initial\Library\libLab3.a(FTM.o)
 .debug_macro   0x00000000      0x850 C:\Users\11988401\Desktop\Lab-4-Workspace\Lab-4-initial\Library\libLab3.a(FTM.o)
 .debug_macro   0x00000000       0x16 C:\Users\11988401\Desktop\Lab-4-Workspace\Lab-4-initial\Library\libLab3.a(FTM.o)
 .debug_macro   0x00000000       0x44 C:\Users\11988401\Desktop\Lab-4-Workspace\Lab-4-initial\Library\libLab3.a(FTM.o)
 .debug_macro   0x00000000      0x209 C:\Users\11988401\Desktop\Lab-4-Workspace\Lab-4-initial\Library\libLab3.a(FTM.o)
 .debug_macro   0x00000000       0x22 C:\Users\11988401\Desktop\Lab-4-Workspace\Lab-4-initial\Library\libLab3.a(FTM.o)
 .debug_macro   0x00000000    0x174c1 C:\Users\11988401\Desktop\Lab-4-Workspace\Lab-4-initial\Library\libLab3.a(FTM.o)
 .group         0x00000000        0x8 C:\Users\11988401\Desktop\Lab-4-Workspace\Lab-4-initial\Library\libLab3.a(Flash.o)
 .group         0x00000000        0x8 C:\Users\11988401\Desktop\Lab-4-Workspace\Lab-4-initial\Library\libLab3.a(Flash.o)
 .group         0x00000000        0x8 C:\Users\11988401\Desktop\Lab-4-Workspace\Lab-4-initial\Library\libLab3.a(Flash.o)
 .group         0x00000000        0x8 C:\Users\11988401\Desktop\Lab-4-Workspace\Lab-4-initial\Library\libLab3.a(Flash.o)
 .group         0x00000000        0x8 C:\Users\11988401\Desktop\Lab-4-Workspace\Lab-4-initial\Library\libLab3.a(Flash.o)
 .group         0x00000000        0x8 C:\Users\11988401\Desktop\Lab-4-Workspace\Lab-4-initial\Library\libLab3.a(Flash.o)
 .group         0x00000000        0x8 C:\Users\11988401\Desktop\Lab-4-Workspace\Lab-4-initial\Library\libLab3.a(Flash.o)
 .group         0x00000000        0x8 C:\Users\11988401\Desktop\Lab-4-Workspace\Lab-4-initial\Library\libLab3.a(Flash.o)
 .text          0x00000000        0x0 C:\Users\11988401\Desktop\Lab-4-Workspace\Lab-4-initial\Library\libLab3.a(Flash.o)
 .data          0x00000000        0x0 C:\Users\11988401\Desktop\Lab-4-Workspace\Lab-4-initial\Library\libLab3.a(Flash.o)
 .bss           0x00000000        0x0 C:\Users\11988401\Desktop\Lab-4-Workspace\Lab-4-initial\Library\libLab3.a(Flash.o)
 .rodata.FCMD_PROGRAM_PHRASE
                0x00000000        0x1 C:\Users\11988401\Desktop\Lab-4-Workspace\Lab-4-initial\Library\libLab3.a(Flash.o)
 .rodata.FCMD_ERASE_BLOCK
                0x00000000        0x1 C:\Users\11988401\Desktop\Lab-4-Workspace\Lab-4-initial\Library\libLab3.a(Flash.o)
 .rodata.FCMD_ERASE_SECTOR
                0x00000000        0x1 C:\Users\11988401\Desktop\Lab-4-Workspace\Lab-4-initial\Library\libLab3.a(Flash.o)
 .debug_macro   0x00000000      0x850 C:\Users\11988401\Desktop\Lab-4-Workspace\Lab-4-initial\Library\libLab3.a(Flash.o)
 .debug_macro   0x00000000       0x16 C:\Users\11988401\Desktop\Lab-4-Workspace\Lab-4-initial\Library\libLab3.a(Flash.o)
 .debug_macro   0x00000000       0x44 C:\Users\11988401\Desktop\Lab-4-Workspace\Lab-4-initial\Library\libLab3.a(Flash.o)
 .debug_macro   0x00000000      0x209 C:\Users\11988401\Desktop\Lab-4-Workspace\Lab-4-initial\Library\libLab3.a(Flash.o)
 .debug_macro   0x00000000       0x22 C:\Users\11988401\Desktop\Lab-4-Workspace\Lab-4-initial\Library\libLab3.a(Flash.o)
 .debug_macro   0x00000000    0x174c1 C:\Users\11988401\Desktop\Lab-4-Workspace\Lab-4-initial\Library\libLab3.a(Flash.o)
 .debug_macro   0x00000000      0x166 C:\Users\11988401\Desktop\Lab-4-Workspace\Lab-4-initial\Library\libLab3.a(Flash.o)
 .group         0x00000000        0x8 C:\Users\11988401\Desktop\Lab-4-Workspace\Lab-4-initial\Library\libLab3.a(LEDs.o)
 .group         0x00000000        0x8 C:\Users\11988401\Desktop\Lab-4-Workspace\Lab-4-initial\Library\libLab3.a(LEDs.o)
 .group         0x00000000        0x8 C:\Users\11988401\Desktop\Lab-4-Workspace\Lab-4-initial\Library\libLab3.a(LEDs.o)
 .group         0x00000000        0x8 C:\Users\11988401\Desktop\Lab-4-Workspace\Lab-4-initial\Library\libLab3.a(LEDs.o)
 .group         0x00000000        0x8 C:\Users\11988401\Desktop\Lab-4-Workspace\Lab-4-initial\Library\libLab3.a(LEDs.o)
 .group         0x00000000        0x8 C:\Users\11988401\Desktop\Lab-4-Workspace\Lab-4-initial\Library\libLab3.a(LEDs.o)
 .text          0x00000000        0x0 C:\Users\11988401\Desktop\Lab-4-Workspace\Lab-4-initial\Library\libLab3.a(LEDs.o)
 .data          0x00000000        0x0 C:\Users\11988401\Desktop\Lab-4-Workspace\Lab-4-initial\Library\libLab3.a(LEDs.o)
 .bss           0x00000000        0x0 C:\Users\11988401\Desktop\Lab-4-Workspace\Lab-4-initial\Library\libLab3.a(LEDs.o)
 .debug_macro   0x00000000      0x850 C:\Users\11988401\Desktop\Lab-4-Workspace\Lab-4-initial\Library\libLab3.a(LEDs.o)
 .debug_macro   0x00000000       0x16 C:\Users\11988401\Desktop\Lab-4-Workspace\Lab-4-initial\Library\libLab3.a(LEDs.o)
 .debug_macro   0x00000000       0x44 C:\Users\11988401\Desktop\Lab-4-Workspace\Lab-4-initial\Library\libLab3.a(LEDs.o)
 .debug_macro   0x00000000      0x209 C:\Users\11988401\Desktop\Lab-4-Workspace\Lab-4-initial\Library\libLab3.a(LEDs.o)
 .debug_macro   0x00000000       0x22 C:\Users\11988401\Desktop\Lab-4-Workspace\Lab-4-initial\Library\libLab3.a(LEDs.o)
 .debug_macro   0x00000000    0x174c1 C:\Users\11988401\Desktop\Lab-4-Workspace\Lab-4-initial\Library\libLab3.a(LEDs.o)
 .group         0x00000000        0x8 C:\Users\11988401\Desktop\Lab-4-Workspace\Lab-4-initial\Library\libLab3.a(PIT.o)
 .group         0x00000000        0x8 C:\Users\11988401\Desktop\Lab-4-Workspace\Lab-4-initial\Library\libLab3.a(PIT.o)
 .group         0x00000000        0x8 C:\Users\11988401\Desktop\Lab-4-Workspace\Lab-4-initial\Library\libLab3.a(PIT.o)
 .group         0x00000000        0x8 C:\Users\11988401\Desktop\Lab-4-Workspace\Lab-4-initial\Library\libLab3.a(PIT.o)
 .group         0x00000000        0x8 C:\Users\11988401\Desktop\Lab-4-Workspace\Lab-4-initial\Library\libLab3.a(PIT.o)
 .group         0x00000000        0x8 C:\Users\11988401\Desktop\Lab-4-Workspace\Lab-4-initial\Library\libLab3.a(PIT.o)
 .text          0x00000000        0x0 C:\Users\11988401\Desktop\Lab-4-Workspace\Lab-4-initial\Library\libLab3.a(PIT.o)
 .data          0x00000000        0x0 C:\Users\11988401\Desktop\Lab-4-Workspace\Lab-4-initial\Library\libLab3.a(PIT.o)
 .bss           0x00000000        0x0 C:\Users\11988401\Desktop\Lab-4-Workspace\Lab-4-initial\Library\libLab3.a(PIT.o)
 .debug_macro   0x00000000      0x850 C:\Users\11988401\Desktop\Lab-4-Workspace\Lab-4-initial\Library\libLab3.a(PIT.o)
 .debug_macro   0x00000000       0x16 C:\Users\11988401\Desktop\Lab-4-Workspace\Lab-4-initial\Library\libLab3.a(PIT.o)
 .debug_macro   0x00000000       0x44 C:\Users\11988401\Desktop\Lab-4-Workspace\Lab-4-initial\Library\libLab3.a(PIT.o)
 .debug_macro   0x00000000      0x209 C:\Users\11988401\Desktop\Lab-4-Workspace\Lab-4-initial\Library\libLab3.a(PIT.o)
 .debug_macro   0x00000000       0x22 C:\Users\11988401\Desktop\Lab-4-Workspace\Lab-4-initial\Library\libLab3.a(PIT.o)
 .debug_macro   0x00000000    0x174c1 C:\Users\11988401\Desktop\Lab-4-Workspace\Lab-4-initial\Library\libLab3.a(PIT.o)
 .group         0x00000000        0x8 C:\Users\11988401\Desktop\Lab-4-Workspace\Lab-4-initial\Library\libLab3.a(RTC.o)
 .group         0x00000000        0x8 C:\Users\11988401\Desktop\Lab-4-Workspace\Lab-4-initial\Library\libLab3.a(RTC.o)
 .group         0x00000000        0x8 C:\Users\11988401\Desktop\Lab-4-Workspace\Lab-4-initial\Library\libLab3.a(RTC.o)
 .group         0x00000000        0x8 C:\Users\11988401\Desktop\Lab-4-Workspace\Lab-4-initial\Library\libLab3.a(RTC.o)
 .group         0x00000000        0x8 C:\Users\11988401\Desktop\Lab-4-Workspace\Lab-4-initial\Library\libLab3.a(RTC.o)
 .group         0x00000000        0x8 C:\Users\11988401\Desktop\Lab-4-Workspace\Lab-4-initial\Library\libLab3.a(RTC.o)
 .group         0x00000000        0x8 C:\Users\11988401\Desktop\Lab-4-Workspace\Lab-4-initial\Library\libLab3.a(RTC.o)
 .group         0x00000000        0x8 C:\Users\11988401\Desktop\Lab-4-Workspace\Lab-4-initial\Library\libLab3.a(RTC.o)
 .group         0x00000000        0x8 C:\Users\11988401\Desktop\Lab-4-Workspace\Lab-4-initial\Library\libLab3.a(RTC.o)
 .group         0x00000000        0x8 C:\Users\11988401\Desktop\Lab-4-Workspace\Lab-4-initial\Library\libLab3.a(RTC.o)
 .text          0x00000000        0x0 C:\Users\11988401\Desktop\Lab-4-Workspace\Lab-4-initial\Library\libLab3.a(RTC.o)
 .data          0x00000000        0x0 C:\Users\11988401\Desktop\Lab-4-Workspace\Lab-4-initial\Library\libLab3.a(RTC.o)
 .bss           0x00000000        0x0 C:\Users\11988401\Desktop\Lab-4-Workspace\Lab-4-initial\Library\libLab3.a(RTC.o)
 .debug_macro   0x00000000      0x850 C:\Users\11988401\Desktop\Lab-4-Workspace\Lab-4-initial\Library\libLab3.a(RTC.o)
 .debug_macro   0x00000000       0x16 C:\Users\11988401\Desktop\Lab-4-Workspace\Lab-4-initial\Library\libLab3.a(RTC.o)
 .debug_macro   0x00000000       0x44 C:\Users\11988401\Desktop\Lab-4-Workspace\Lab-4-initial\Library\libLab3.a(RTC.o)
 .debug_macro   0x00000000      0x209 C:\Users\11988401\Desktop\Lab-4-Workspace\Lab-4-initial\Library\libLab3.a(RTC.o)
 .debug_macro   0x00000000       0x22 C:\Users\11988401\Desktop\Lab-4-Workspace\Lab-4-initial\Library\libLab3.a(RTC.o)
 .debug_macro   0x00000000    0x174c1 C:\Users\11988401\Desktop\Lab-4-Workspace\Lab-4-initial\Library\libLab3.a(RTC.o)
 .debug_macro   0x00000000     0x1800 C:\Users\11988401\Desktop\Lab-4-Workspace\Lab-4-initial\Library\libLab3.a(RTC.o)
 .debug_macro   0x00000000      0x14e C:\Users\11988401\Desktop\Lab-4-Workspace\Lab-4-initial\Library\libLab3.a(RTC.o)
 .debug_macro   0x00000000       0x64 C:\Users\11988401\Desktop\Lab-4-Workspace\Lab-4-initial\Library\libLab3.a(RTC.o)
 .group         0x00000000        0x8 C:\Users\11988401\Desktop\Lab-4-Workspace\Lab-4-initial\Library\libLab3.a(UART.o)
 .group         0x00000000        0x8 C:\Users\11988401\Desktop\Lab-4-Workspace\Lab-4-initial\Library\libLab3.a(UART.o)
 .group         0x00000000        0x8 C:\Users\11988401\Desktop\Lab-4-Workspace\Lab-4-initial\Library\libLab3.a(UART.o)
 .group         0x00000000        0x8 C:\Users\11988401\Desktop\Lab-4-Workspace\Lab-4-initial\Library\libLab3.a(UART.o)
 .group         0x00000000        0x8 C:\Users\11988401\Desktop\Lab-4-Workspace\Lab-4-initial\Library\libLab3.a(UART.o)
 .group         0x00000000        0x8 C:\Users\11988401\Desktop\Lab-4-Workspace\Lab-4-initial\Library\libLab3.a(UART.o)
 .group         0x00000000        0x8 C:\Users\11988401\Desktop\Lab-4-Workspace\Lab-4-initial\Library\libLab3.a(UART.o)
 .group         0x00000000        0x8 C:\Users\11988401\Desktop\Lab-4-Workspace\Lab-4-initial\Library\libLab3.a(UART.o)
 .group         0x00000000        0x8 C:\Users\11988401\Desktop\Lab-4-Workspace\Lab-4-initial\Library\libLab3.a(UART.o)
 .group         0x00000000        0x8 C:\Users\11988401\Desktop\Lab-4-Workspace\Lab-4-initial\Library\libLab3.a(UART.o)
 .group         0x00000000        0x8 C:\Users\11988401\Desktop\Lab-4-Workspace\Lab-4-initial\Library\libLab3.a(UART.o)
 .text          0x00000000        0x0 C:\Users\11988401\Desktop\Lab-4-Workspace\Lab-4-initial\Library\libLab3.a(UART.o)
 .data          0x00000000        0x0 C:\Users\11988401\Desktop\Lab-4-Workspace\Lab-4-initial\Library\libLab3.a(UART.o)
 .bss           0x00000000        0x0 C:\Users\11988401\Desktop\Lab-4-Workspace\Lab-4-initial\Library\libLab3.a(UART.o)
 .text.UART_Poll
                0x00000000       0x48 C:\Users\11988401\Desktop\Lab-4-Workspace\Lab-4-initial\Library\libLab3.a(UART.o)
 .debug_macro   0x00000000      0x850 C:\Users\11988401\Desktop\Lab-4-Workspace\Lab-4-initial\Library\libLab3.a(UART.o)
 .debug_macro   0x00000000       0x16 C:\Users\11988401\Desktop\Lab-4-Workspace\Lab-4-initial\Library\libLab3.a(UART.o)
 .debug_macro   0x00000000       0x44 C:\Users\11988401\Desktop\Lab-4-Workspace\Lab-4-initial\Library\libLab3.a(UART.o)
 .debug_macro   0x00000000      0x209 C:\Users\11988401\Desktop\Lab-4-Workspace\Lab-4-initial\Library\libLab3.a(UART.o)
 .debug_macro   0x00000000       0x22 C:\Users\11988401\Desktop\Lab-4-Workspace\Lab-4-initial\Library\libLab3.a(UART.o)
 .debug_macro   0x00000000    0x174c1 C:\Users\11988401\Desktop\Lab-4-Workspace\Lab-4-initial\Library\libLab3.a(UART.o)
 .debug_macro   0x00000000     0x1800 C:\Users\11988401\Desktop\Lab-4-Workspace\Lab-4-initial\Library\libLab3.a(UART.o)
 .debug_macro   0x00000000      0x14e C:\Users\11988401\Desktop\Lab-4-Workspace\Lab-4-initial\Library\libLab3.a(UART.o)
 .debug_macro   0x00000000       0x64 C:\Users\11988401\Desktop\Lab-4-Workspace\Lab-4-initial\Library\libLab3.a(UART.o)
 .debug_macro   0x00000000       0x94 C:\Users\11988401\Desktop\Lab-4-Workspace\Lab-4-initial\Library\libLab3.a(UART.o)
 .group         0x00000000        0x8 C:\Users\11988401\Desktop\Lab-4-Workspace\Lab-4-initial\Library\libLab3.a(packet.o)
 .group         0x00000000        0x8 C:\Users\11988401\Desktop\Lab-4-Workspace\Lab-4-initial\Library\libLab3.a(packet.o)
 .group         0x00000000        0x8 C:\Users\11988401\Desktop\Lab-4-Workspace\Lab-4-initial\Library\libLab3.a(packet.o)
 .group         0x00000000        0x8 C:\Users\11988401\Desktop\Lab-4-Workspace\Lab-4-initial\Library\libLab3.a(packet.o)
 .group         0x00000000        0x8 C:\Users\11988401\Desktop\Lab-4-Workspace\Lab-4-initial\Library\libLab3.a(packet.o)
 .group         0x00000000        0x8 C:\Users\11988401\Desktop\Lab-4-Workspace\Lab-4-initial\Library\libLab3.a(packet.o)
 .text          0x00000000        0x0 C:\Users\11988401\Desktop\Lab-4-Workspace\Lab-4-initial\Library\libLab3.a(packet.o)
 .data          0x00000000        0x0 C:\Users\11988401\Desktop\Lab-4-Workspace\Lab-4-initial\Library\libLab3.a(packet.o)
 .bss           0x00000000        0x0 C:\Users\11988401\Desktop\Lab-4-Workspace\Lab-4-initial\Library\libLab3.a(packet.o)
 .rodata.NB_BYTES_PER_PACKET
                0x00000000        0x1 C:\Users\11988401\Desktop\Lab-4-Workspace\Lab-4-initial\Library\libLab3.a(packet.o)
 .debug_macro   0x00000000      0x850 C:\Users\11988401\Desktop\Lab-4-Workspace\Lab-4-initial\Library\libLab3.a(packet.o)
 .debug_macro   0x00000000       0x16 C:\Users\11988401\Desktop\Lab-4-Workspace\Lab-4-initial\Library\libLab3.a(packet.o)
 .debug_macro   0x00000000       0x44 C:\Users\11988401\Desktop\Lab-4-Workspace\Lab-4-initial\Library\libLab3.a(packet.o)
 .debug_macro   0x00000000      0x209 C:\Users\11988401\Desktop\Lab-4-Workspace\Lab-4-initial\Library\libLab3.a(packet.o)
 .debug_macro   0x00000000       0x22 C:\Users\11988401\Desktop\Lab-4-Workspace\Lab-4-initial\Library\libLab3.a(packet.o)
 .debug_macro   0x00000000       0x34 C:\Users\11988401\Desktop\Lab-4-Workspace\Lab-4-initial\Library\libLab3.a(packet.o)
 .group         0x00000000        0x8 C:\Users\11988401\Desktop\Lab-4-Workspace\Lab-4-initial\Library\libLab3.a(FIFO.o)
 .group         0x00000000        0x8 C:\Users\11988401\Desktop\Lab-4-Workspace\Lab-4-initial\Library\libLab3.a(FIFO.o)
 .group         0x00000000        0x8 C:\Users\11988401\Desktop\Lab-4-Workspace\Lab-4-initial\Library\libLab3.a(FIFO.o)
 .group         0x00000000        0x8 C:\Users\11988401\Desktop\Lab-4-Workspace\Lab-4-initial\Library\libLab3.a(FIFO.o)
 .group         0x00000000        0x8 C:\Users\11988401\Desktop\Lab-4-Workspace\Lab-4-initial\Library\libLab3.a(FIFO.o)
 .group         0x00000000        0x8 C:\Users\11988401\Desktop\Lab-4-Workspace\Lab-4-initial\Library\libLab3.a(FIFO.o)
 .group         0x00000000        0x8 C:\Users\11988401\Desktop\Lab-4-Workspace\Lab-4-initial\Library\libLab3.a(FIFO.o)
 .group         0x00000000        0x8 C:\Users\11988401\Desktop\Lab-4-Workspace\Lab-4-initial\Library\libLab3.a(FIFO.o)
 .group         0x00000000        0x8 C:\Users\11988401\Desktop\Lab-4-Workspace\Lab-4-initial\Library\libLab3.a(FIFO.o)
 .group         0x00000000        0x8 C:\Users\11988401\Desktop\Lab-4-Workspace\Lab-4-initial\Library\libLab3.a(FIFO.o)
 .text          0x00000000        0x0 C:\Users\11988401\Desktop\Lab-4-Workspace\Lab-4-initial\Library\libLab3.a(FIFO.o)
 .data          0x00000000        0x0 C:\Users\11988401\Desktop\Lab-4-Workspace\Lab-4-initial\Library\libLab3.a(FIFO.o)
 .bss           0x00000000        0x0 C:\Users\11988401\Desktop\Lab-4-Workspace\Lab-4-initial\Library\libLab3.a(FIFO.o)
 .debug_macro   0x00000000      0x850 C:\Users\11988401\Desktop\Lab-4-Workspace\Lab-4-initial\Library\libLab3.a(FIFO.o)
 .debug_macro   0x00000000       0x16 C:\Users\11988401\Desktop\Lab-4-Workspace\Lab-4-initial\Library\libLab3.a(FIFO.o)
 .debug_macro   0x00000000       0x44 C:\Users\11988401\Desktop\Lab-4-Workspace\Lab-4-initial\Library\libLab3.a(FIFO.o)
 .debug_macro   0x00000000      0x209 C:\Users\11988401\Desktop\Lab-4-Workspace\Lab-4-initial\Library\libLab3.a(FIFO.o)
 .debug_macro   0x00000000       0x22 C:\Users\11988401\Desktop\Lab-4-Workspace\Lab-4-initial\Library\libLab3.a(FIFO.o)
 .debug_macro   0x00000000     0x1800 C:\Users\11988401\Desktop\Lab-4-Workspace\Lab-4-initial\Library\libLab3.a(FIFO.o)
 .debug_macro   0x00000000      0x14e C:\Users\11988401\Desktop\Lab-4-Workspace\Lab-4-initial\Library\libLab3.a(FIFO.o)
 .debug_macro   0x00000000       0x64 C:\Users\11988401\Desktop\Lab-4-Workspace\Lab-4-initial\Library\libLab3.a(FIFO.o)
 .debug_macro   0x00000000    0x174c1 C:\Users\11988401\Desktop\Lab-4-Workspace\Lab-4-initial\Library\libLab3.a(FIFO.o)
 .debug_macro   0x00000000       0x94 C:\Users\11988401\Desktop\Lab-4-Workspace\Lab-4-initial\Library\libLab3.a(FIFO.o)
 .text          0x00000000        0x0 c:/freescale/kds_3.0.0/toolchain/bin/../lib/gcc/arm-none-eabi/4.8.4/../../../../arm-none-eabi/lib/armv7e-m/fpu\libg_s.a(lib_a-exit.o)
 .data          0x00000000        0x0 c:/freescale/kds_3.0.0/toolchain/bin/../lib/gcc/arm-none-eabi/4.8.4/../../../../arm-none-eabi/lib/armv7e-m/fpu\libg_s.a(lib_a-exit.o)
 .bss           0x00000000        0x0 c:/freescale/kds_3.0.0/toolchain/bin/../lib/gcc/arm-none-eabi/4.8.4/../../../../arm-none-eabi/lib/armv7e-m/fpu\libg_s.a(lib_a-exit.o)
 .text          0x00000000        0x0 c:/freescale/kds_3.0.0/toolchain/bin/../lib/gcc/arm-none-eabi/4.8.4/../../../../arm-none-eabi/lib/armv7e-m/fpu\libg_s.a(lib_a-impure.o)
 .data          0x00000000        0x0 c:/freescale/kds_3.0.0/toolchain/bin/../lib/gcc/arm-none-eabi/4.8.4/../../../../arm-none-eabi/lib/armv7e-m/fpu\libg_s.a(lib_a-impure.o)
 .bss           0x00000000        0x0 c:/freescale/kds_3.0.0/toolchain/bin/../lib/gcc/arm-none-eabi/4.8.4/../../../../arm-none-eabi/lib/armv7e-m/fpu\libg_s.a(lib_a-impure.o)
 .data._impure_ptr
                0x00000000        0x4 c:/freescale/kds_3.0.0/toolchain/bin/../lib/gcc/arm-none-eabi/4.8.4/../../../../arm-none-eabi/lib/armv7e-m/fpu\libg_s.a(lib_a-impure.o)
 .text          0x00000000        0x0 c:/freescale/kds_3.0.0/toolchain/bin/../lib/gcc/arm-none-eabi/4.8.4/../../../../arm-none-eabi/lib/armv7e-m/fpu\libg_s.a(lib_a-init.o)
 .data          0x00000000        0x0 c:/freescale/kds_3.0.0/toolchain/bin/../lib/gcc/arm-none-eabi/4.8.4/../../../../arm-none-eabi/lib/armv7e-m/fpu\libg_s.a(lib_a-init.o)
 .bss           0x00000000        0x0 c:/freescale/kds_3.0.0/toolchain/bin/../lib/gcc/arm-none-eabi/4.8.4/../../../../arm-none-eabi/lib/armv7e-m/fpu\libg_s.a(lib_a-init.o)
 .text          0x00000000        0x0 c:/freescale/kds_3.0.0/toolchain/bin/../lib/gcc/arm-none-eabi/4.8.4/../../../../arm-none-eabi/lib/armv7e-m/fpu\libg_s.a(lib_a-memset.o)
 .data          0x00000000        0x0 c:/freescale/kds_3.0.0/toolchain/bin/../lib/gcc/arm-none-eabi/4.8.4/../../../../arm-none-eabi/lib/armv7e-m/fpu\libg_s.a(lib_a-memset.o)
 .bss           0x00000000        0x0 c:/freescale/kds_3.0.0/toolchain/bin/../lib/gcc/arm-none-eabi/4.8.4/../../../../arm-none-eabi/lib/armv7e-m/fpu\libg_s.a(lib_a-memset.o)
 .text          0x00000000        0x0 c:/freescale/kds_3.0.0/toolchain/bin/../lib/gcc/arm-none-eabi/4.8.4/../../../../arm-none-eabi/lib/armv7e-m/fpu\libnosys.a(_exit.o)
 .data          0x00000000        0x0 c:/freescale/kds_3.0.0/toolchain/bin/../lib/gcc/arm-none-eabi/4.8.4/../../../../arm-none-eabi/lib/armv7e-m/fpu\libnosys.a(_exit.o)
 .bss           0x00000000        0x0 c:/freescale/kds_3.0.0/toolchain/bin/../lib/gcc/arm-none-eabi/4.8.4/../../../../arm-none-eabi/lib/armv7e-m/fpu\libnosys.a(_exit.o)
 .text          0x00000000        0x0 c:/freescale/kds_3.0.0/toolchain/bin/../lib/gcc/arm-none-eabi/4.8.4/armv7e-m/fpu/crtend.o
 .data          0x00000000        0x0 c:/freescale/kds_3.0.0/toolchain/bin/../lib/gcc/arm-none-eabi/4.8.4/armv7e-m/fpu/crtend.o
 .bss           0x00000000        0x0 c:/freescale/kds_3.0.0/toolchain/bin/../lib/gcc/arm-none-eabi/4.8.4/armv7e-m/fpu/crtend.o
 .eh_frame      0x00000000        0x4 c:/freescale/kds_3.0.0/toolchain/bin/../lib/gcc/arm-none-eabi/4.8.4/armv7e-m/fpu/crtend.o
 .jcr           0x00000000        0x4 c:/freescale/kds_3.0.0/toolchain/bin/../lib/gcc/arm-none-eabi/4.8.4/armv7e-m/fpu/crtend.o
 .ARM.attributes
                0x00000000       0x34 c:/freescale/kds_3.0.0/toolchain/bin/../lib/gcc/arm-none-eabi/4.8.4/armv7e-m/fpu/crtend.o
 .text          0x00000000        0x0 c:/freescale/kds_3.0.0/toolchain/bin/../lib/gcc/arm-none-eabi/4.8.4/armv7e-m/fpu/crtn.o
 .data          0x00000000        0x0 c:/freescale/kds_3.0.0/toolchain/bin/../lib/gcc/arm-none-eabi/4.8.4/armv7e-m/fpu/crtn.o
 .bss           0x00000000        0x0 c:/freescale/kds_3.0.0/toolchain/bin/../lib/gcc/arm-none-eabi/4.8.4/armv7e-m/fpu/crtn.o

Memory Configuration

Name             Origin             Length             Attributes
m_interrupts     0x00000000         0x000001e8         xr
m_text           0x00000410         0x0007fbf0         xr
m_data           0x1fff0000         0x00010000         rw
m_data_20000000  0x20000000         0x00010000         rw
m_cfmprotrom     0x00000400         0x00000010         xr
*default*        0x00000000         0xffffffff

Linker script and memory map

LOAD c:/freescale/kds_3.0.0/toolchain/bin/../lib/gcc/arm-none-eabi/4.8.4/armv7e-m/fpu/crti.o
LOAD c:/freescale/kds_3.0.0/toolchain/bin/../lib/gcc/arm-none-eabi/4.8.4/armv7e-m/fpu/crtbegin.o
LOAD c:/freescale/kds_3.0.0/toolchain/bin/../lib/gcc/arm-none-eabi/4.8.4/../../../../arm-none-eabi/lib/armv7e-m/fpu/crt0.o
LOAD ./Sources/accel.o
LOAD ./Sources/main.o
LOAD ./Project_Settings/Startup_Code/startup.o
LOAD ./Generated_Code/Cpu.o
LOAD ./Generated_Code/Vectors.o
LOAD C:\Users\11988401\Desktop\Lab-4-Workspace\Lab-4-initial\Library\libLab3.a
LOAD c:/freescale/kds_3.0.0/toolchain/bin/../lib/gcc/arm-none-eabi/4.8.4/../../../../arm-none-eabi/lib/armv7e-m/fpu\libstdc++_s.a
LOAD c:/freescale/kds_3.0.0/toolchain/bin/../lib/gcc/arm-none-eabi/4.8.4/../../../../arm-none-eabi/lib/armv7e-m/fpu\libm.a
START GROUP
LOAD c:/freescale/kds_3.0.0/toolchain/bin/../lib/gcc/arm-none-eabi/4.8.4/armv7e-m/fpu\libgcc.a
LOAD c:/freescale/kds_3.0.0/toolchain/bin/../lib/gcc/arm-none-eabi/4.8.4/../../../../arm-none-eabi/lib/armv7e-m/fpu\libg_s.a
LOAD c:/freescale/kds_3.0.0/toolchain/bin/../lib/gcc/arm-none-eabi/4.8.4/../../../../arm-none-eabi/lib/armv7e-m/fpu\libc_s.a
END GROUP
START GROUP
LOAD c:/freescale/kds_3.0.0/toolchain/bin/../lib/gcc/arm-none-eabi/4.8.4/armv7e-m/fpu\libgcc.a
LOAD c:/freescale/kds_3.0.0/toolchain/bin/../lib/gcc/arm-none-eabi/4.8.4/../../../../arm-none-eabi/lib/armv7e-m/fpu\libc_s.a
LOAD c:/freescale/kds_3.0.0/toolchain/bin/../lib/gcc/arm-none-eabi/4.8.4/../../../../arm-none-eabi/lib/armv7e-m/fpu\libnosys.a
END GROUP
START GROUP
LOAD c:/freescale/kds_3.0.0/toolchain/bin/../lib/gcc/arm-none-eabi/4.8.4/armv7e-m/fpu\libgcc.a
LOAD c:/freescale/kds_3.0.0/toolchain/bin/../lib/gcc/arm-none-eabi/4.8.4/../../../../arm-none-eabi/lib/armv7e-m/fpu\libc_s.a
LOAD c:/freescale/kds_3.0.0/toolchain/bin/../lib/gcc/arm-none-eabi/4.8.4/../../../../arm-none-eabi/lib/armv7e-m/fpu\libnosys.a
END GROUP
LOAD c:/freescale/kds_3.0.0/toolchain/bin/../lib/gcc/arm-none-eabi/4.8.4/armv7e-m/fpu/crtend.o
LOAD c:/freescale/kds_3.0.0/toolchain/bin/../lib/gcc/arm-none-eabi/4.8.4/armv7e-m/fpu/crtn.o
                0x20000000                _estack = 0x20000000
                0x20000000                __SP_INIT = _estack
                0x20000000                __stack = _estack
                0x00000000                __heap_size = 0x0
                0x00000400                __stack_size = 0x400

.interrupts     0x00000000      0x1e8
                0x00000000                __vector_table = .
                0x00000000                . = ALIGN (0x4)
 *(.vectortable)
 .vectortable   0x00000000      0x1e8 ./Generated_Code/Vectors.o
                0x00000000                __vect_table
                0x000001e8                . = ALIGN (0x4)

.cfmprotect     0x00000400       0x10
                0x00000400                . = ALIGN (0x4)
 *(.cfmconfig)
 .cfmconfig     0x00000400       0x10 ./Generated_Code/Cpu.o
                0x00000400                _cfm
                0x00000410                . = ALIGN (0x4)

.text           0x00000410     0x1d18
                0x00000410                . = ALIGN (0x4)
 *(.text)
 .text          0x00000410       0x54 c:/freescale/kds_3.0.0/toolchain/bin/../lib/gcc/arm-none-eabi/4.8.4/armv7e-m/fpu/crtbegin.o
 .text          0x00000464       0x74 c:/freescale/kds_3.0.0/toolchain/bin/../lib/gcc/arm-none-eabi/4.8.4/../../../../arm-none-eabi/lib/armv7e-m/fpu/crt0.o
                0x00000464                _start
                0x00000464                _mainCRTStartup
 *(.text*)
 .text.HandleStartupPacket
                0x000004d8      0x108 ./Sources/main.o
                0x000004d8                HandleStartupPacket
 .text.HandleVersionPacket
                0x000005e0       0x18 ./Sources/main.o
                0x000005e0                HandleVersionPacket
 .text.HandleNumberPacket
                0x000005f8       0x8c ./Sources/main.o
                0x000005f8                HandleNumberPacket
 .text.HandleTowerModePacket
                0x00000684       0x8c ./Sources/main.o
                0x00000684                HandleTowerModePacket
 .text.HandleProgBytePacket
                0x00000710       0x40 ./Sources/main.o
                0x00000710                HandleProgBytePacket
 .text.HandleReadBytePacket
                0x00000750       0x34 ./Sources/main.o
                0x00000750                HandleReadBytePacket
 .text.HandleSetTimePacket
                0x00000784       0x64 ./Sources/main.o
                0x00000784                HandleSetTimePacket
 .text.HandlePacket
                0x000007e8      0x110 ./Sources/main.o
                0x000007e8                HandlePacket
 .text.PITCallback
                0x000008f8       0x18 ./Sources/main.o
                0x000008f8                PITCallback
 .text.RTCCallback
                0x00000910       0x38 ./Sources/main.o
                0x00000910                RTCCallback
 .text.FTM0Callback
                0x00000948       0x18 ./Sources/main.o
                0x00000948                FTM0Callback
 .text.main     0x00000960       0xc4 ./Sources/main.o
                0x00000960                main
 .text.__copy_rom_section
                0x00000a24       0xe4 ./Project_Settings/Startup_Code/startup.o
                0x00000a24                __copy_rom_section
 .text.__copy_rom_sections_to_ram
                0x00000b08       0x9c ./Project_Settings/Startup_Code/startup.o
                0x00000b08                __copy_rom_sections_to_ram
 .text.__init_registers
                0x00000ba4       0x20 ./Project_Settings/Startup_Code/startup.o
                0x00000ba4                __init_registers
 .text.__init_user
                0x00000bc4        0xc ./Project_Settings/Startup_Code/startup.o
                0x00000bc4                __init_user
 .text.__thumb_startup
                0x00000bd0       0x34 ./Project_Settings/Startup_Code/startup.o
                0x00000bd0                __thumb_startup
 .text.Cpu_Interrupt
                0x00000c04       0x18 ./Generated_Code/Cpu.o
                0x00000c04                Cpu_Interrupt
 .text.__init_hardware
                0x00000c1c      0x1cc ./Generated_Code/Cpu.o
                0x00000c1c                __init_hardware
 .text.Cpu_SetBASEPRI
                0x00000de8       0x18 ./Generated_Code/Cpu.o
                0x00000de8                Cpu_SetBASEPRI
 .text.PE_low_level_init
                0x00000e00       0xe4 ./Generated_Code/Cpu.o
                0x00000e00                PE_low_level_init
 .text.FTM_Init
                0x00000ee4       0x98 C:\Users\11988401\Desktop\Lab-4-Workspace\Lab-4-initial\Library\libLab3.a(FTM.o)
                0x00000ee4                FTM_Init
 .text.FTM_Set  0x00000f7c       0xf0 C:\Users\11988401\Desktop\Lab-4-Workspace\Lab-4-initial\Library\libLab3.a(FTM.o)
                0x00000f7c                FTM_Set
 .text.FTM0_ISR
                0x0000106c       0xb8 C:\Users\11988401\Desktop\Lab-4-Workspace\Lab-4-initial\Library\libLab3.a(FTM.o)
                0x0000106c                FTM0_ISR
 .text.LaunchCommand
                0x00001124       0x60 C:\Users\11988401\Desktop\Lab-4-Workspace\Lab-4-initial\Library\libLab3.a(Flash.o)
 .text.WritePhrase
                0x00001184       0x94 C:\Users\11988401\Desktop\Lab-4-Workspace\Lab-4-initial\Library\libLab3.a(Flash.o)
 .text.EraseSector
                0x00001218       0x74 C:\Users\11988401\Desktop\Lab-4-Workspace\Lab-4-initial\Library\libLab3.a(Flash.o)
 .text.ModifyPhrase
                0x0000128c       0x34 C:\Users\11988401\Desktop\Lab-4-Workspace\Lab-4-initial\Library\libLab3.a(Flash.o)
 .text.Flash_Init
                0x000012c0       0x28 C:\Users\11988401\Desktop\Lab-4-Workspace\Lab-4-initial\Library\libLab3.a(Flash.o)
                0x000012c0                Flash_Init
 .text.Flash_AllocateVar
                0x000012e8       0x9c C:\Users\11988401\Desktop\Lab-4-Workspace\Lab-4-initial\Library\libLab3.a(Flash.o)
                0x000012e8                Flash_AllocateVar
 .text.Flash_Write32
                0x00001384       0x64 C:\Users\11988401\Desktop\Lab-4-Workspace\Lab-4-initial\Library\libLab3.a(Flash.o)
                0x00001384                Flash_Write32
 .text.Flash_Write16
                0x000013e8       0x64 C:\Users\11988401\Desktop\Lab-4-Workspace\Lab-4-initial\Library\libLab3.a(Flash.o)
                0x000013e8                Flash_Write16
 .text.Flash_Write8
                0x0000144c       0x4c C:\Users\11988401\Desktop\Lab-4-Workspace\Lab-4-initial\Library\libLab3.a(Flash.o)
                0x0000144c                Flash_Write8
 .text.Flash_Erase
                0x00001498       0x1c C:\Users\11988401\Desktop\Lab-4-Workspace\Lab-4-initial\Library\libLab3.a(Flash.o)
                0x00001498                Flash_Erase
 .text.LEDs_Init
                0x000014b4       0x70 C:\Users\11988401\Desktop\Lab-4-Workspace\Lab-4-initial\Library\libLab3.a(LEDs.o)
                0x000014b4                LEDs_Init
 .text.LEDs_On  0x00001524       0x1c C:\Users\11988401\Desktop\Lab-4-Workspace\Lab-4-initial\Library\libLab3.a(LEDs.o)
                0x00001524                LEDs_On
 .text.LEDs_Off
                0x00001540       0x1c C:\Users\11988401\Desktop\Lab-4-Workspace\Lab-4-initial\Library\libLab3.a(LEDs.o)
                0x00001540                LEDs_Off
 .text.LEDs_Toggle
                0x0000155c       0x1c C:\Users\11988401\Desktop\Lab-4-Workspace\Lab-4-initial\Library\libLab3.a(LEDs.o)
                0x0000155c                LEDs_Toggle
 .text.PIT_Init
                0x00001578       0x98 C:\Users\11988401\Desktop\Lab-4-Workspace\Lab-4-initial\Library\libLab3.a(PIT.o)
                0x00001578                PIT_Init
 .text.PIT_Set  0x00001610       0x68 C:\Users\11988401\Desktop\Lab-4-Workspace\Lab-4-initial\Library\libLab3.a(PIT.o)
                0x00001610                PIT_Set
 .text.PIT_Enable
                0x00001678       0x40 C:\Users\11988401\Desktop\Lab-4-Workspace\Lab-4-initial\Library\libLab3.a(PIT.o)
                0x00001678                PIT_Enable
 .text.PIT_ISR  0x000016b8       0x40 C:\Users\11988401\Desktop\Lab-4-Workspace\Lab-4-initial\Library\libLab3.a(PIT.o)
                0x000016b8                PIT_ISR
 .text.RTC_Init
                0x000016f8       0xd0 C:\Users\11988401\Desktop\Lab-4-Workspace\Lab-4-initial\Library\libLab3.a(RTC.o)
                0x000016f8                RTC_Init
 .text.RTC_Set  0x000017c8       0x5c C:\Users\11988401\Desktop\Lab-4-Workspace\Lab-4-initial\Library\libLab3.a(RTC.o)
                0x000017c8                RTC_Set
 .text.RTC_Get  0x00001824       0xa0 C:\Users\11988401\Desktop\Lab-4-Workspace\Lab-4-initial\Library\libLab3.a(RTC.o)
                0x00001824                RTC_Get
 .text.RTC_ISR  0x000018c4       0x34 C:\Users\11988401\Desktop\Lab-4-Workspace\Lab-4-initial\Library\libLab3.a(RTC.o)
                0x000018c4                RTC_ISR
 .text.UART_Init
                0x000018f8      0x324 C:\Users\11988401\Desktop\Lab-4-Workspace\Lab-4-initial\Library\libLab3.a(UART.o)
                0x000018f8                UART_Init
 .text.UART_InChar
                0x00001c1c       0x20 C:\Users\11988401\Desktop\Lab-4-Workspace\Lab-4-initial\Library\libLab3.a(UART.o)
                0x00001c1c                UART_InChar
 .text.UART_OutChar
                0x00001c3c       0x88 C:\Users\11988401\Desktop\Lab-4-Workspace\Lab-4-initial\Library\libLab3.a(UART.o)
                0x00001c3c                UART_OutChar
 .text.UART_ISR
                0x00001cc4       0x90 C:\Users\11988401\Desktop\Lab-4-Workspace\Lab-4-initial\Library\libLab3.a(UART.o)
                0x00001cc4                UART_ISR
 .text.Packet_Init
                0x00001d54       0x20 C:\Users\11988401\Desktop\Lab-4-Workspace\Lab-4-initial\Library\libLab3.a(packet.o)
                0x00001d54                Packet_Init
 .text.CalcChecksum
                0x00001d74       0x30 C:\Users\11988401\Desktop\Lab-4-Workspace\Lab-4-initial\Library\libLab3.a(packet.o)
 .text.Packet_Get
                0x00001da4       0x90 C:\Users\11988401\Desktop\Lab-4-Workspace\Lab-4-initial\Library\libLab3.a(packet.o)
                0x00001da4                Packet_Get
 .text.Packet_Put
                0x00001e34       0x90 C:\Users\11988401\Desktop\Lab-4-Workspace\Lab-4-initial\Library\libLab3.a(packet.o)
                0x00001e34                Packet_Put
 .text.FIFO_Init
                0x00001ec4       0x6c C:\Users\11988401\Desktop\Lab-4-Workspace\Lab-4-initial\Library\libLab3.a(FIFO.o)
                0x00001ec4                FIFO_Init
 .text.FIFO_Put
                0x00001f30       0xa8 C:\Users\11988401\Desktop\Lab-4-Workspace\Lab-4-initial\Library\libLab3.a(FIFO.o)
                0x00001f30                FIFO_Put
 .text.FIFO_Get
                0x00001fd8       0xa8 C:\Users\11988401\Desktop\Lab-4-Workspace\Lab-4-initial\Library\libLab3.a(FIFO.o)
                0x00001fd8                FIFO_Get
 .text.exit     0x00002080       0x28 c:/freescale/kds_3.0.0/toolchain/bin/../lib/gcc/arm-none-eabi/4.8.4/../../../../arm-none-eabi/lib/armv7e-m/fpu\libg_s.a(lib_a-exit.o)
                0x00002080                exit
 .text.__libc_init_array
                0x000020a8       0x4c c:/freescale/kds_3.0.0/toolchain/bin/../lib/gcc/arm-none-eabi/4.8.4/../../../../arm-none-eabi/lib/armv7e-m/fpu\libg_s.a(lib_a-init.o)
                0x000020a8                __libc_init_array
 .text.memset   0x000020f4       0x10 c:/freescale/kds_3.0.0/toolchain/bin/../lib/gcc/arm-none-eabi/4.8.4/../../../../arm-none-eabi/lib/armv7e-m/fpu\libg_s.a(lib_a-memset.o)
                0x000020f4                memset
 .text._exit    0x00002104        0x4 c:/freescale/kds_3.0.0/toolchain/bin/../lib/gcc/arm-none-eabi/4.8.4/../../../../arm-none-eabi/lib/armv7e-m/fpu\libnosys.a(_exit.o)
                0x00002104                _exit
 *(.rodata)
 *(.rodata*)
 .rodata.PACKET_ACK_MASK
                0x00002108        0x1 C:\Users\11988401\Desktop\Lab-4-Workspace\Lab-4-initial\Library\libLab3.a(packet.o)
                0x00002108                PACKET_ACK_MASK
 .rodata.str1.1
                0x00002109        0x2 c:/freescale/kds_3.0.0/toolchain/bin/../lib/gcc/arm-none-eabi/4.8.4/../../../../arm-none-eabi/lib/armv7e-m/fpu\libg_s.a(lib_a-impure.o)
 *fill*         0x0000210b        0x1 
 .rodata._global_impure_ptr
                0x0000210c        0x4 c:/freescale/kds_3.0.0/toolchain/bin/../lib/gcc/arm-none-eabi/4.8.4/../../../../arm-none-eabi/lib/armv7e-m/fpu\libg_s.a(lib_a-impure.o)
                0x0000210c                _global_impure_ptr
 *(.glue_7)
 .glue_7        0x00000000        0x0 linker stubs
 *(.glue_7t)
 .glue_7t       0x00000000        0x0 linker stubs
 *(.eh_frame)
 .eh_frame      0x00002110        0x0 c:/freescale/kds_3.0.0/toolchain/bin/../lib/gcc/arm-none-eabi/4.8.4/armv7e-m/fpu/crtbegin.o
 *(.init)
 .init          0x00002110        0x4 c:/freescale/kds_3.0.0/toolchain/bin/../lib/gcc/arm-none-eabi/4.8.4/armv7e-m/fpu/crti.o
                0x00002110                _init
 .init          0x00002114        0x8 c:/freescale/kds_3.0.0/toolchain/bin/../lib/gcc/arm-none-eabi/4.8.4/armv7e-m/fpu/crtn.o
 *(.fini)
 .fini          0x0000211c        0x4 c:/freescale/kds_3.0.0/toolchain/bin/../lib/gcc/arm-none-eabi/4.8.4/armv7e-m/fpu/crti.o
                0x0000211c                _fini
 .fini          0x00002120        0x8 c:/freescale/kds_3.0.0/toolchain/bin/../lib/gcc/arm-none-eabi/4.8.4/armv7e-m/fpu/crtn.o
                0x00002128                . = ALIGN (0x4)
                0x00002128                _etext = .

.vfp11_veneer   0x00002128        0x0
 .vfp11_veneer  0x00000000        0x0 linker stubs

.v4_bx          0x00002128        0x0
 .v4_bx         0x00000000        0x0 linker stubs

.iplt           0x00002128        0x0
 .iplt          0x00000000        0x0 c:/freescale/kds_3.0.0/toolchain/bin/../lib/gcc/arm-none-eabi/4.8.4/armv7e-m/fpu/crtbegin.o

.ARM.extab
 *(.ARM.extab* .gnu.linkonce.armextab.*)

.ARM            0x00002128        0x8
                0x00002128                __exidx_start = .
 *(.ARM.exidx*)
 .ARM.exidx     0x00002128        0x8 c:/freescale/kds_3.0.0/toolchain/bin/../lib/gcc/arm-none-eabi/4.8.4/../../../../arm-none-eabi/lib/armv7e-m/fpu/crt0.o
                0x00002130                __exidx_end = .

.rel.dyn        0x00002130        0x0
 .rel.iplt      0x00000000        0x0 c:/freescale/kds_3.0.0/toolchain/bin/../lib/gcc/arm-none-eabi/4.8.4/armv7e-m/fpu/crtbegin.o

.ctors          0x00002130        0x0
                0x00002130                __CTOR_LIST__ = .
 *crtbegin.o(.ctors)
 *(EXCLUDE_FILE(*crtend.o) .ctors)
 *(SORT(.ctors.*))
 *(.ctors)
                0x00002130                __CTOR_END__ = .

.dtors          0x00002130        0x0
                0x00002130                __DTOR_LIST__ = .
 *crtbegin.o(.dtors)
 *(EXCLUDE_FILE(*crtend.o) .dtors)
 *(SORT(.dtors.*))
 *(.dtors)
                0x00002130                __DTOR_END__ = .

.preinit_array  0x00002130        0x0
                0x00002130                PROVIDE (__preinit_array_start, .)
 *(.preinit_array*)
                0x00002130                PROVIDE (__preinit_array_end, .)

.init_array     0x00002130        0x4
                0x00002130                PROVIDE (__init_array_start, .)
 *(SORT(.init_array.*))
 *(.init_array*)
 .init_array    0x00002130        0x4 c:/freescale/kds_3.0.0/toolchain/bin/../lib/gcc/arm-none-eabi/4.8.4/armv7e-m/fpu/crtbegin.o
                0x00002134                PROVIDE (__init_array_end, .)

.fini_array     0x00002134        0x4
                0x00002134                PROVIDE (__fini_array_start, .)
 *(SORT(.fini_array.*))
 *(.fini_array*)
 .fini_array    0x00002134        0x4 c:/freescale/kds_3.0.0/toolchain/bin/../lib/gcc/arm-none-eabi/4.8.4/armv7e-m/fpu/crtbegin.o
                0x00002138                PROVIDE (__fini_array_end, .)
                0x00002138                ___ROM_AT = .

.data           0x1fff0000       0x64 load address 0x00002138
                0x1fff0000                . = ALIGN (0x4)
                0x1fff0000                _sdata = .
 *(.data)
 *(.data*)
 .data.freeList.5646
                0x1fff0000        0x1 C:\Users\11988401\Desktop\Lab-4-Workspace\Lab-4-initial\Library\libLab3.a(Flash.o)
 *fill*         0x1fff0001        0x3 
 .data.impure_data
                0x1fff0004       0x60 c:/freescale/kds_3.0.0/toolchain/bin/../lib/gcc/arm-none-eabi/4.8.4/../../../../arm-none-eabi/lib/armv7e-m/fpu\libg_s.a(lib_a-impure.o)
                0x1fff0064                . = ALIGN (0x4)
                0x1fff0064                _edata = .
                0x00000064                ___data_size = (_edata - _sdata)
                0x0000219c                ___m_data_20000000_ROMStart = (___ROM_AT + SIZEOF (.data))

.jcr            0x1fff0064        0x0 load address 0x0000219c
 .jcr           0x1fff0064        0x0 c:/freescale/kds_3.0.0/toolchain/bin/../lib/gcc/arm-none-eabi/4.8.4/armv7e-m/fpu/crtbegin.o

.igot.plt       0x1fff0064        0x0 load address 0x0000219c
 .igot.plt      0x00000000        0x0 c:/freescale/kds_3.0.0/toolchain/bin/../lib/gcc/arm-none-eabi/4.8.4/armv7e-m/fpu/crtbegin.o

.m_data_20000000
                0x20000000        0x0 load address 0x0000219c
                0x20000000                . = ALIGN (0x4)
                0x20000000                ___m_data_20000000_RAMStart = .
 *(.m_data_20000000)
                0x20000000                ___m_data_20000000_RAMEnd = .
                0x20000000                . = ALIGN (0x4)
                0x00000000                ___m_data_20000000_ROMSize = (___m_data_20000000_RAMEnd - ___m_data_20000000_RAMStart)
                0x20000000                . = ALIGN (0x4)

.bss            0x1fff0064      0x2a4 load address 0x0000219c
                0x1fff0064                __START_BSS = .
                0x1fff0064                PROVIDE (__bss_start__, __START_BSS)
 *(.bss)
 .bss           0x1fff0064       0x1c c:/freescale/kds_3.0.0/toolchain/bin/../lib/gcc/arm-none-eabi/4.8.4/armv7e-m/fpu/crtbegin.o
 *(.bss*)
 .bss.towerNumber
                0x1fff0080        0x4 ./Sources/main.o
                0x1fff0080                towerNumber
 .bss.towerMode
                0x1fff0084        0x4 ./Sources/main.o
                0x1fff0084                towerMode
 .bss.SR_lock   0x1fff0088        0x1 ./Generated_Code/Cpu.o
                0x1fff0088                SR_lock
 *fill*         0x1fff0089        0x3 
 .bss.UserFunction
                0x1fff008c       0x20 C:\Users\11988401\Desktop\Lab-4-Workspace\Lab-4-initial\Library\libLab3.a(FTM.o)
 .bss.UserArguments
                0x1fff00ac       0x20 C:\Users\11988401\Desktop\Lab-4-Workspace\Lab-4-initial\Library\libLab3.a(FTM.o)
 .bss.FlashCommonCommandObject
                0x1fff00cc        0xc C:\Users\11988401\Desktop\Lab-4-Workspace\Lab-4-initial\Library\libLab3.a(Flash.o)
 .bss.NanoSecondsPerTick
                0x1fff00d8        0x4 C:\Users\11988401\Desktop\Lab-4-Workspace\Lab-4-initial\Library\libLab3.a(PIT.o)
 .bss.UserFunction
                0x1fff00dc        0x4 C:\Users\11988401\Desktop\Lab-4-Workspace\Lab-4-initial\Library\libLab3.a(PIT.o)
 .bss.UserArguments
                0x1fff00e0        0x4 C:\Users\11988401\Desktop\Lab-4-Workspace\Lab-4-initial\Library\libLab3.a(PIT.o)
 .bss.UserFunction
                0x1fff00e4        0x4 C:\Users\11988401\Desktop\Lab-4-Workspace\Lab-4-initial\Library\libLab3.a(RTC.o)
 .bss.UserArguments
                0x1fff00e8        0x4 C:\Users\11988401\Desktop\Lab-4-Workspace\Lab-4-initial\Library\libLab3.a(RTC.o)
 .bss.TxFIFO    0x1fff00ec      0x108 C:\Users\11988401\Desktop\Lab-4-Workspace\Lab-4-initial\Library\libLab3.a(UART.o)
 .bss.RxFIFO    0x1fff01f4      0x108 C:\Users\11988401\Desktop\Lab-4-Workspace\Lab-4-initial\Library\libLab3.a(UART.o)
 .bss.nbBytesInPacket.4074
                0x1fff02fc        0x1 C:\Users\11988401\Desktop\Lab-4-Workspace\Lab-4-initial\Library\libLab3.a(packet.o)
 *(COMMON)
 COMMON         0x1fff02fd        0x1 ./Generated_Code/Cpu.o
                0x1fff02fd                SR_reg
 *fill*         0x1fff02fe        0x2 
 COMMON         0x1fff0300        0x5 C:\Users\11988401\Desktop\Lab-4-Workspace\Lab-4-initial\Library\libLab3.a(packet.o)
                0x1fff0300                Packet
                0x1fff0308                . = ALIGN (0x4)
 *fill*         0x1fff0305        0x3 
                0x1fff0308                __END_BSS = .
                0x1fff0308                PROVIDE (__bss_end__, __END_BSS)
                0x0000219c                _romp_at = ((___ROM_AT + SIZEOF (.data)) + SIZEOF (.m_data_20000000))

.romp           0x1fff0308       0x24 load address 0x0000219c
                0x0000219c                __S_romp = _romp_at
                0x1fff0308        0x4 LONG 0x2138 ___ROM_AT
                0x1fff030c        0x4 LONG 0x1fff0000 _sdata
                0x1fff0310        0x4 LONG 0x64 ___data_size
                0x1fff0314        0x4 LONG 0x219c ___m_data_20000000_ROMStart
                0x1fff0318        0x4 LONG 0x20000000 ___m_data_20000000_RAMStart
                0x1fff031c        0x4 LONG 0x0 ___m_data_20000000_ROMSize
                0x1fff0320        0x4 LONG 0x0
                0x1fff0324        0x4 LONG 0x0
                0x1fff0328        0x4 LONG 0x0

._user_heap_stack
                0x1fff032c      0x400 load address 0x000021c0
                0x1fff032c                . = ALIGN (0x4)
                0x1fff032c                PROVIDE (end, .)
                0x1fff032c                PROVIDE (_end, .)
                0x1fff032c                __heap_addr = .
                0x1fff032c                __HeapBase = .
                0x1fff032c                . = (. + __heap_size)
                0x1fff032c                __HeapLimit = .
                0x1fff072c                . = (. + __stack_size)
 *fill*         0x1fff032c      0x400 
                0x1fff072c                . = ALIGN (0x4)

.ARM.attributes
                0x00000000       0x30
 *(.ARM.attributes)
 .ARM.attributes
                0x00000000       0x22 c:/freescale/kds_3.0.0/toolchain/bin/../lib/gcc/arm-none-eabi/4.8.4/armv7e-m/fpu/crti.o
 .ARM.attributes
                0x00000022       0x34 c:/freescale/kds_3.0.0/toolchain/bin/../lib/gcc/arm-none-eabi/4.8.4/armv7e-m/fpu/crtbegin.o
 .ARM.attributes
                0x00000056       0x20 c:/freescale/kds_3.0.0/toolchain/bin/../lib/gcc/arm-none-eabi/4.8.4/../../../../arm-none-eabi/lib/armv7e-m/fpu/crt0.o
 .ARM.attributes
                0x00000076       0x39 ./Sources/main.o
 .ARM.attributes
                0x000000af       0x39 ./Project_Settings/Startup_Code/startup.o
 .ARM.attributes
                0x000000e8       0x39 ./Generated_Code/Cpu.o
 .ARM.attributes
                0x00000121       0x39 ./Generated_Code/Vectors.o
 .ARM.attributes
                0x0000015a       0x39 C:\Users\11988401\Desktop\Lab-4-Workspace\Lab-4-initial\Library\libLab3.a(FTM.o)
 .ARM.attributes
                0x00000193       0x39 C:\Users\11988401\Desktop\Lab-4-Workspace\Lab-4-initial\Library\libLab3.a(Flash.o)
 .ARM.attributes
                0x000001cc       0x39 C:\Users\11988401\Desktop\Lab-4-Workspace\Lab-4-initial\Library\libLab3.a(LEDs.o)
 .ARM.attributes
                0x00000205       0x39 C:\Users\11988401\Desktop\Lab-4-Workspace\Lab-4-initial\Library\libLab3.a(PIT.o)
 .ARM.attributes
                0x0000023e       0x39 C:\Users\11988401\Desktop\Lab-4-Workspace\Lab-4-initial\Library\libLab3.a(RTC.o)
 .ARM.attributes
                0x00000277       0x39 C:\Users\11988401\Desktop\Lab-4-Workspace\Lab-4-initial\Library\libLab3.a(UART.o)
 .ARM.attributes
                0x000002b0       0x39 C:\Users\11988401\Desktop\Lab-4-Workspace\Lab-4-initial\Library\libLab3.a(packet.o)
 .ARM.attributes
                0x000002e9       0x39 C:\Users\11988401\Desktop\Lab-4-Workspace\Lab-4-initial\Library\libLab3.a(FIFO.o)
 .ARM.attributes
                0x00000322       0x34 c:/freescale/kds_3.0.0/toolchain/bin/../lib/gcc/arm-none-eabi/4.8.4/../../../../arm-none-eabi/lib/armv7e-m/fpu\libg_s.a(lib_a-exit.o)
 .ARM.attributes
                0x00000356       0x34 c:/freescale/kds_3.0.0/toolchain/bin/../lib/gcc/arm-none-eabi/4.8.4/../../../../arm-none-eabi/lib/armv7e-m/fpu\libg_s.a(lib_a-impure.o)
 .ARM.attributes
                0x0000038a       0x34 c:/freescale/kds_3.0.0/toolchain/bin/../lib/gcc/arm-none-eabi/4.8.4/../../../../arm-none-eabi/lib/armv7e-m/fpu\libg_s.a(lib_a-init.o)
 .ARM.attributes
                0x000003be       0x34 c:/freescale/kds_3.0.0/toolchain/bin/../lib/gcc/arm-none-eabi/4.8.4/../../../../arm-none-eabi/lib/armv7e-m/fpu\libg_s.a(lib_a-memset.o)
 .ARM.attributes
                0x000003f2       0x34 c:/freescale/kds_3.0.0/toolchain/bin/../lib/gcc/arm-none-eabi/4.8.4/../../../../arm-none-eabi/lib/armv7e-m/fpu\libnosys.a(_exit.o)
 .ARM.attributes
                0x00000426       0x22 c:/freescale/kds_3.0.0/toolchain/bin/../lib/gcc/arm-none-eabi/4.8.4/armv7e-m/fpu/crtn.o
OUTPUT(Lab4.elf elf32-littlearm)

.debug_info     0x00000000     0x466a
 .debug_info    0x00000000      0x5c8 ./Sources/main.o
 .debug_info    0x000005c8      0x3b0 ./Project_Settings/Startup_Code/startup.o
 .debug_info    0x00000978      0xc82 ./Generated_Code/Cpu.o
 .debug_info    0x000015fa      0x10f ./Generated_Code/Vectors.o
 .debug_info    0x00001709      0x761 C:\Users\11988401\Desktop\Lab-4-Workspace\Lab-4-initial\Library\libLab3.a(FTM.o)
 .debug_info    0x00001e6a      0x8d3 C:\Users\11988401\Desktop\Lab-4-Workspace\Lab-4-initial\Library\libLab3.a(Flash.o)
 .debug_info    0x0000273d      0x4a3 C:\Users\11988401\Desktop\Lab-4-Workspace\Lab-4-initial\Library\libLab3.a(LEDs.o)
 .debug_info    0x00002be0      0x57a C:\Users\11988401\Desktop\Lab-4-Workspace\Lab-4-initial\Library\libLab3.a(PIT.o)
 .debug_info    0x0000315a      0x608 C:\Users\11988401\Desktop\Lab-4-Workspace\Lab-4-initial\Library\libLab3.a(RTC.o)
 .debug_info    0x00003762      0x999 C:\Users\11988401\Desktop\Lab-4-Workspace\Lab-4-initial\Library\libLab3.a(UART.o)
 .debug_info    0x000040fb      0x333 C:\Users\11988401\Desktop\Lab-4-Workspace\Lab-4-initial\Library\libLab3.a(packet.o)
 .debug_info    0x0000442e      0x23c C:\Users\11988401\Desktop\Lab-4-Workspace\Lab-4-initial\Library\libLab3.a(FIFO.o)

.debug_abbrev   0x00000000     0x10c4
 .debug_abbrev  0x00000000      0x1c0 ./Sources/main.o
 .debug_abbrev  0x000001c0      0x189 ./Project_Settings/Startup_Code/startup.o
 .debug_abbrev  0x00000349      0x185 ./Generated_Code/Cpu.o
 .debug_abbrev  0x000004ce       0xa4 ./Generated_Code/Vectors.o
 .debug_abbrev  0x00000572      0x1b1 C:\Users\11988401\Desktop\Lab-4-Workspace\Lab-4-initial\Library\libLab3.a(FTM.o)
 .debug_abbrev  0x00000723      0x1fb C:\Users\11988401\Desktop\Lab-4-Workspace\Lab-4-initial\Library\libLab3.a(Flash.o)
 .debug_abbrev  0x0000091e      0x155 C:\Users\11988401\Desktop\Lab-4-Workspace\Lab-4-initial\Library\libLab3.a(LEDs.o)
 .debug_abbrev  0x00000a73      0x154 C:\Users\11988401\Desktop\Lab-4-Workspace\Lab-4-initial\Library\libLab3.a(PIT.o)
 .debug_abbrev  0x00000bc7      0x15f C:\Users\11988401\Desktop\Lab-4-Workspace\Lab-4-initial\Library\libLab3.a(RTC.o)
 .debug_abbrev  0x00000d26      0x1b4 C:\Users\11988401\Desktop\Lab-4-Workspace\Lab-4-initial\Library\libLab3.a(UART.o)
 .debug_abbrev  0x00000eda       0xee C:\Users\11988401\Desktop\Lab-4-Workspace\Lab-4-initial\Library\libLab3.a(packet.o)
 .debug_abbrev  0x00000fc8       0xfc C:\Users\11988401\Desktop\Lab-4-Workspace\Lab-4-initial\Library\libLab3.a(FIFO.o)

.debug_aranges  0x00000000      0x308
 .debug_aranges
                0x00000000       0x78 ./Sources/main.o
 .debug_aranges
                0x00000078       0x50 ./Project_Settings/Startup_Code/startup.o
 .debug_aranges
                0x000000c8       0x38 ./Generated_Code/Cpu.o
 .debug_aranges
                0x00000100       0x18 ./Generated_Code/Vectors.o
 .debug_aranges
                0x00000118       0x38 C:\Users\11988401\Desktop\Lab-4-Workspace\Lab-4-initial\Library\libLab3.a(FTM.o)
 .debug_aranges
                0x00000150       0x68 C:\Users\11988401\Desktop\Lab-4-Workspace\Lab-4-initial\Library\libLab3.a(Flash.o)
 .debug_aranges
                0x000001b8       0x38 C:\Users\11988401\Desktop\Lab-4-Workspace\Lab-4-initial\Library\libLab3.a(LEDs.o)
 .debug_aranges
                0x000001f0       0x38 C:\Users\11988401\Desktop\Lab-4-Workspace\Lab-4-initial\Library\libLab3.a(PIT.o)
 .debug_aranges
                0x00000228       0x38 C:\Users\11988401\Desktop\Lab-4-Workspace\Lab-4-initial\Library\libLab3.a(RTC.o)
 .debug_aranges
                0x00000260       0x40 C:\Users\11988401\Desktop\Lab-4-Workspace\Lab-4-initial\Library\libLab3.a(UART.o)
 .debug_aranges
                0x000002a0       0x38 C:\Users\11988401\Desktop\Lab-4-Workspace\Lab-4-initial\Library\libLab3.a(packet.o)
 .debug_aranges
                0x000002d8       0x30 C:\Users\11988401\Desktop\Lab-4-Workspace\Lab-4-initial\Library\libLab3.a(FIFO.o)

.debug_ranges   0x00000000      0x240
 .debug_ranges  0x00000000       0x68 ./Sources/main.o
 .debug_ranges  0x00000068       0x40 ./Project_Settings/Startup_Code/startup.o
 .debug_ranges  0x000000a8       0x28 ./Generated_Code/Cpu.o
 .debug_ranges  0x000000d0       0x28 C:\Users\11988401\Desktop\Lab-4-Workspace\Lab-4-initial\Library\libLab3.a(FTM.o)
 .debug_ranges  0x000000f8       0x58 C:\Users\11988401\Desktop\Lab-4-Workspace\Lab-4-initial\Library\libLab3.a(Flash.o)
 .debug_ranges  0x00000150       0x28 C:\Users\11988401\Desktop\Lab-4-Workspace\Lab-4-initial\Library\libLab3.a(LEDs.o)
 .debug_ranges  0x00000178       0x28 C:\Users\11988401\Desktop\Lab-4-Workspace\Lab-4-initial\Library\libLab3.a(PIT.o)
 .debug_ranges  0x000001a0       0x28 C:\Users\11988401\Desktop\Lab-4-Workspace\Lab-4-initial\Library\libLab3.a(RTC.o)
 .debug_ranges  0x000001c8       0x30 C:\Users\11988401\Desktop\Lab-4-Workspace\Lab-4-initial\Library\libLab3.a(UART.o)
 .debug_ranges  0x000001f8       0x28 C:\Users\11988401\Desktop\Lab-4-Workspace\Lab-4-initial\Library\libLab3.a(packet.o)
 .debug_ranges  0x00000220       0x20 C:\Users\11988401\Desktop\Lab-4-Workspace\Lab-4-initial\Library\libLab3.a(FIFO.o)

.debug_macro    0x00000000    0x1b9c1
 .debug_macro   0x00000000      0x11c ./Sources/main.o
 .debug_macro   0x0000011c     0x1816 ./Sources/main.o
 .debug_macro   0x00001932       0x9a ./Sources/main.o
 .debug_macro   0x000019cc       0x34 ./Sources/main.o
 .debug_macro   0x00001a00       0x2e ./Sources/main.o
 .debug_macro   0x00001a2e      0x121 ./Project_Settings/Startup_Code/startup.o
 .debug_macro   0x00001b4f       0x58 ./Project_Settings/Startup_Code/startup.o
 .debug_macro   0x00001ba7       0x35 ./Project_Settings/Startup_Code/startup.o
 .debug_macro   0x00001bdc       0xa3 ./Project_Settings/Startup_Code/startup.o
 .debug_macro   0x00001c7f      0x166 ./Project_Settings/Startup_Code/startup.o
 .debug_macro   0x00001de5       0x4a ./Project_Settings/Startup_Code/startup.o
 .debug_macro   0x00001e2f       0x52 ./Project_Settings/Startup_Code/startup.o
 .debug_macro   0x00001e81       0x16 ./Project_Settings/Startup_Code/startup.o
 .debug_macro   0x00001e97       0x43 ./Project_Settings/Startup_Code/startup.o
 .debug_macro   0x00001eda      0x180 ./Project_Settings/Startup_Code/startup.o
 .debug_macro   0x0000205a      0x2a6 ./Project_Settings/Startup_Code/startup.o
 .debug_macro   0x00002300       0x10 ./Project_Settings/Startup_Code/startup.o
 .debug_macro   0x00002310       0x35 ./Project_Settings/Startup_Code/startup.o
 .debug_macro   0x00002345       0x16 ./Project_Settings/Startup_Code/startup.o
 .debug_macro   0x0000235b       0x22 ./Project_Settings/Startup_Code/startup.o
 .debug_macro   0x0000237d       0x16 ./Project_Settings/Startup_Code/startup.o
 .debug_macro   0x00002393      0x20f ./Project_Settings/Startup_Code/startup.o
 .debug_macro   0x000025a2    0x174af ./Project_Settings/Startup_Code/startup.o
 .debug_macro   0x00019a51       0x84 ./Generated_Code/Cpu.o
 .debug_macro   0x00019ad5       0xa0 ./Generated_Code/Cpu.o
 .debug_macro   0x00019b75       0xd8 ./Generated_Code/Vectors.o
 .debug_macro   0x00019c4d       0xbf C:\Users\11988401\Desktop\Lab-4-Workspace\Lab-4-initial\Library\libLab3.a(FTM.o)
 .debug_macro   0x00019d0c     0x1800 C:\Users\11988401\Desktop\Lab-4-Workspace\Lab-4-initial\Library\libLab3.a(FTM.o)
 .debug_macro   0x0001b50c       0xaa C:\Users\11988401\Desktop\Lab-4-Workspace\Lab-4-initial\Library\libLab3.a(Flash.o)
 .debug_macro   0x0001b5b6       0x28 C:\Users\11988401\Desktop\Lab-4-Workspace\Lab-4-initial\Library\libLab3.a(Flash.o)
 .debug_macro   0x0001b5de       0x68 C:\Users\11988401\Desktop\Lab-4-Workspace\Lab-4-initial\Library\libLab3.a(LEDs.o)
 .debug_macro   0x0001b646       0x72 C:\Users\11988401\Desktop\Lab-4-Workspace\Lab-4-initial\Library\libLab3.a(PIT.o)
 .debug_macro   0x0001b6b8       0xa4 C:\Users\11988401\Desktop\Lab-4-Workspace\Lab-4-initial\Library\libLab3.a(RTC.o)
 .debug_macro   0x0001b75c       0x94 C:\Users\11988401\Desktop\Lab-4-Workspace\Lab-4-initial\Library\libLab3.a(RTC.o)
 .debug_macro   0x0001b7f0       0xad C:\Users\11988401\Desktop\Lab-4-Workspace\Lab-4-initial\Library\libLab3.a(UART.o)
 .debug_macro   0x0001b89d       0x10 C:\Users\11988401\Desktop\Lab-4-Workspace\Lab-4-initial\Library\libLab3.a(UART.o)
 .debug_macro   0x0001b8ad       0x6e C:\Users\11988401\Desktop\Lab-4-Workspace\Lab-4-initial\Library\libLab3.a(packet.o)
 .debug_macro   0x0001b91b       0xa6 C:\Users\11988401\Desktop\Lab-4-Workspace\Lab-4-initial\Library\libLab3.a(FIFO.o)

.debug_line     0x00000000     0x1fcb
 .debug_line    0x00000000      0x465 ./Sources/main.o
 .debug_line    0x00000465      0x3f0 ./Project_Settings/Startup_Code/startup.o
 .debug_line    0x00000855      0x289 ./Generated_Code/Cpu.o
 .debug_line    0x00000ade      0x2d4 ./Generated_Code/Vectors.o
 .debug_line    0x00000db2      0x222 C:\Users\11988401\Desktop\Lab-4-Workspace\Lab-4-initial\Library\libLab3.a(FTM.o)
 .debug_line    0x00000fd4      0x2c7 C:\Users\11988401\Desktop\Lab-4-Workspace\Lab-4-initial\Library\libLab3.a(Flash.o)
 .debug_line    0x0000129b      0x1e7 C:\Users\11988401\Desktop\Lab-4-Workspace\Lab-4-initial\Library\libLab3.a(LEDs.o)
 .debug_line    0x00001482      0x1fd C:\Users\11988401\Desktop\Lab-4-Workspace\Lab-4-initial\Library\libLab3.a(PIT.o)
 .debug_line    0x0000167f      0x25d C:\Users\11988401\Desktop\Lab-4-Workspace\Lab-4-initial\Library\libLab3.a(RTC.o)
 .debug_line    0x000018dc      0x299 C:\Users\11988401\Desktop\Lab-4-Workspace\Lab-4-initial\Library\libLab3.a(UART.o)
 .debug_line    0x00001b75      0x1f6 C:\Users\11988401\Desktop\Lab-4-Workspace\Lab-4-initial\Library\libLab3.a(packet.o)
 .debug_line    0x00001d6b      0x260 C:\Users\11988401\Desktop\Lab-4-Workspace\Lab-4-initial\Library\libLab3.a(FIFO.o)

.debug_str      0x00000000    0x8dfd7
 .debug_str     0x00000000    0x8ac63 ./Sources/main.o
                              0x8ae27 (size before relaxing)
 .debug_str     0x0008ac63     0x2689 ./Project_Settings/Startup_Code/startup.o
                              0x853fe (size before relaxing)
 .debug_str     0x0008d2ec      0x36c ./Generated_Code/Cpu.o
                              0x8aaaa (size before relaxing)
 .debug_str     0x0008d658       0x2c ./Generated_Code/Vectors.o
                              0x8a746 (size before relaxing)
 .debug_str     0x0008d684      0x245 C:\Users\11988401\Desktop\Lab-4-Workspace\Lab-4-initial\Library\libLab3.a(FTM.o)
                              0x8a2a8 (size before relaxing)
 .debug_str     0x0008d8c9      0x35c C:\Users\11988401\Desktop\Lab-4-Workspace\Lab-4-initial\Library\libLab3.a(Flash.o)
                              0x835e7 (size before relaxing)
 .debug_str     0x0008dc25       0x82 C:\Users\11988401\Desktop\Lab-4-Workspace\Lab-4-initial\Library\libLab3.a(LEDs.o)
                              0x82f0f (size before relaxing)
 .debug_str     0x0008dca7       0x99 C:\Users\11988401\Desktop\Lab-4-Workspace\Lab-4-initial\Library\libLab3.a(PIT.o)
                              0x82f5f (size before relaxing)
 .debug_str     0x0008dd40       0x69 C:\Users\11988401\Desktop\Lab-4-Workspace\Lab-4-initial\Library\libLab3.a(RTC.o)
                              0x8a848 (size before relaxing)
 .debug_str     0x0008dda9      0x199 C:\Users\11988401\Desktop\Lab-4-Workspace\Lab-4-initial\Library\libLab3.a(UART.o)
                              0x8a9c4 (size before relaxing)
 .debug_str     0x0008df42       0x67 C:\Users\11988401\Desktop\Lab-4-Workspace\Lab-4-initial\Library\libLab3.a(packet.o)
                               0x32bc (size before relaxing)
 .debug_str     0x0008dfa9       0x2e C:\Users\11988401\Desktop\Lab-4-Workspace\Lab-4-initial\Library\libLab3.a(FIFO.o)
                              0x8a6ef (size before relaxing)

.comment        0x00000000       0x70
 .comment       0x00000000       0x70 ./Sources/main.o
                                 0x71 (size before relaxing)
 .comment       0x00000000       0x71 ./Project_Settings/Startup_Code/startup.o
 .comment       0x00000000       0x71 ./Generated_Code/Cpu.o
 .comment       0x00000000       0x71 ./Generated_Code/Vectors.o
 .comment       0x00000000       0x71 C:\Users\11988401\Desktop\Lab-4-Workspace\Lab-4-initial\Library\libLab3.a(FTM.o)
 .comment       0x00000000       0x71 C:\Users\11988401\Desktop\Lab-4-Workspace\Lab-4-initial\Library\libLab3.a(Flash.o)
 .comment       0x00000000       0x71 C:\Users\11988401\Desktop\Lab-4-Workspace\Lab-4-initial\Library\libLab3.a(LEDs.o)
 .comment       0x00000000       0x71 C:\Users\11988401\Desktop\Lab-4-Workspace\Lab-4-initial\Library\libLab3.a(PIT.o)
 .comment       0x00000000       0x71 C:\Users\11988401\Desktop\Lab-4-Workspace\Lab-4-initial\Library\libLab3.a(RTC.o)
 .comment       0x00000000       0x71 C:\Users\11988401\Desktop\Lab-4-Workspace\Lab-4-initial\Library\libLab3.a(UART.o)
 .comment       0x00000000       0x71 C:\Users\11988401\Desktop\Lab-4-Workspace\Lab-4-initial\Library\libLab3.a(packet.o)
 .comment       0x00000000       0x71 C:\Users\11988401\Desktop\Lab-4-Workspace\Lab-4-initial\Library\libLab3.a(FIFO.o)

.debug_frame    0x00000000      0x84c
 .debug_frame   0x00000000      0x184 ./Sources/main.o
 .debug_frame   0x00000184       0xc0 ./Project_Settings/Startup_Code/startup.o
 .debug_frame   0x00000244       0x80 ./Generated_Code/Cpu.o
 .debug_frame   0x000002c4       0x84 C:\Users\11988401\Desktop\Lab-4-Workspace\Lab-4-initial\Library\libLab3.a(FTM.o)
 .debug_frame   0x00000348      0x140 C:\Users\11988401\Desktop\Lab-4-Workspace\Lab-4-initial\Library\libLab3.a(Flash.o)
 .debug_frame   0x00000488       0x80 C:\Users\11988401\Desktop\Lab-4-Workspace\Lab-4-initial\Library\libLab3.a(LEDs.o)
 .debug_frame   0x00000508       0x88 C:\Users\11988401\Desktop\Lab-4-Workspace\Lab-4-initial\Library\libLab3.a(PIT.o)
 .debug_frame   0x00000590       0x88 C:\Users\11988401\Desktop\Lab-4-Workspace\Lab-4-initial\Library\libLab3.a(RTC.o)
 .debug_frame   0x00000618       0xb0 C:\Users\11988401\Desktop\Lab-4-Workspace\Lab-4-initial\Library\libLab3.a(UART.o)
 .debug_frame   0x000006c8       0x8c C:\Users\11988401\Desktop\Lab-4-Workspace\Lab-4-initial\Library\libLab3.a(packet.o)
 .debug_frame   0x00000754       0x64 C:\Users\11988401\Desktop\Lab-4-Workspace\Lab-4-initial\Library\libLab3.a(FIFO.o)
 .debug_frame   0x000007b8       0x28 c:/freescale/kds_3.0.0/toolchain/bin/../lib/gcc/arm-none-eabi/4.8.4/../../../../arm-none-eabi/lib/armv7e-m/fpu\libg_s.a(lib_a-exit.o)
 .debug_frame   0x000007e0       0x2c c:/freescale/kds_3.0.0/toolchain/bin/../lib/gcc/arm-none-eabi/4.8.4/../../../../arm-none-eabi/lib/armv7e-m/fpu\libg_s.a(lib_a-init.o)
 .debug_frame   0x0000080c       0x20 c:/freescale/kds_3.0.0/toolchain/bin/../lib/gcc/arm-none-eabi/4.8.4/../../../../arm-none-eabi/lib/armv7e-m/fpu\libg_s.a(lib_a-memset.o)
 .debug_frame   0x0000082c       0x20 c:/freescale/kds_3.0.0/toolchain/bin/../lib/gcc/arm-none-eabi/4.8.4/../../../../arm-none-eabi/lib/armv7e-m/fpu\libnosys.a(_exit.o)
